// Jest Snapshot v1, https://goo.gl/fbAQLP

exports[`<IconSocial /> render correctly 1`] = `
<ul
  className="sc-bdVaJa dxwLqm"
>
  <li>
    <a
      href="https://www.google.com/"
      rel="noopener noreferrer"
      target="_blank"
      title="Beautybox - Facebook"
    >
      <img
        alt="Icone Facebook"
        src="test-file-stub"
      />
    </a>
  </li>
  <li>
    <a
      href="https://www.google.com/"
      rel="noopener noreferrer"
      target="_blank"
      title="Beautybox - Instagram"
    >
      <img
        alt="Icone Instagram"
        src="test-file-stub"
      />
    </a>
  </li>
  <li>
    <a
      href="https://www.google.com/"
      rel="noopener noreferrer"
      target="_blank"
      title="Beautybox - Youtube"
    >
      <img
        alt="Icone Youtube"
        src="test-file-stub"
      />
    </a>
  </li>
</ul>
`;
