// Jest Snapshot v1, https://goo.gl/fbAQLP

exports[`<MainMenu /> render correctly 1`] = `
<nav
  className="sc-ifAKCX ijWJfs"
>
  <div
    className="sc-EHOje dmIrmG"
  >
    <button
      className="sc-bdVaJa kOYKTZ"
      title="Fechar Menu"
      type="button"
    >
      <span
        className="sc-bwzfXH kpsemP"
      />
    </button>
  </div>
  <div
    className="sc-bZQynM heGRPt"
  >
    <div
      className="sc-gzVnrw fTrdpb"
    >
      <h4
        className="user-welcome"
      >
        Olá, Visitante
      </h4>
      <span
        className="user-login"
      >
        Faça seu login ou cadastre-se
      </span>
    </div>
    <div
      className="sc-htoDjs bQHsAO"
    />
  </div>
  <div
    className="sc-dnqmqq HSdcw"
  >
    <ul
      className="sc-iwsKbI hbTbPU"
    >
      <li
        className="sc-gZMcBi MIsOG"
      >
        Como funciona?
      </li>
      <li
        className="sc-gZMcBi MIsOG"
      >
        Vantagens
      </li>
      <li
        className="sc-gZMcBi MIsOG"
      >
        Edições
      </li>
      <li
        className="sc-gZMcBi MIsOG"
      >
        Depoimentos
      </li>
      <li
        className="sc-gZMcBi MIsOG"
      >
        Dúvidas
      </li>
    </ul>
  </div>
  <div
    className="sc-gqjmRU kaQkvY"
  >
    <button
      className="sc-htpNat ezvUEX"
      title="Assine"
      type="button"
    >
      Assine
    </button>
  </div>
  <div
    className="sc-VigVT kNRbKj"
  >
    <ul
      className="sc-bxivhb dPSWYq"
    >
      <li>
        <a
          href="https://www.google.com/"
          rel="noopener noreferrer"
          target="_blank"
          title="Beautybox - Facebook"
        >
          <img
            alt="Icone Facebook"
            src="test-file-stub"
          />
        </a>
      </li>
      <li>
        <a
          href="https://www.google.com/"
          rel="noopener noreferrer"
          target="_blank"
          title="Beautybox - Instagram"
        >
          <img
            alt="Icone Instagram"
            src="test-file-stub"
          />
        </a>
      </li>
      <li>
        <a
          href="https://www.google.com/"
          rel="noopener noreferrer"
          target="_blank"
          title="Beautybox - Youtube"
        >
          <img
            alt="Icone Youtube"
            src="test-file-stub"
          />
        </a>
      </li>
    </ul>
  </div>
</nav>
`;
